using System;
using System.Collections.Generic;
using System.Linq;

class Program {

    // GE File I/O runtime (C#)
    static string GeReadFile(string path) {
        return System.IO.File.ReadAllText(path);
    }

    static bool GeWriteFile(string path, string content) {
        try { System.IO.File.WriteAllText(path, content); return true; }
        catch { return false; }
    }

    static bool GeAppendFile(string path, string content) {
        try { System.IO.File.AppendAllText(path, content); return true; }
        catch { return false; }
    }


    // GE Math runtime (C#)
    static double GeSqrt(double x) { return System.Math.Sqrt(x); }
    static double GeFloor(double x) { return System.Math.Floor(x); }
    static double GeCeil(double x) { return System.Math.Ceiling(x); }
    static double GeRound(double x) { return System.Math.Round(x); }
    static double GeSin(double x) { return System.Math.Sin(x); }
    static double GeCos(double x) { return System.Math.Cos(x); }
    static double GeTan(double x) { return System.Math.Tan(x); }
    static double GeLog(double x) { return System.Math.Log(x); }
    static double GeExp(double x) { return System.Math.Exp(x); }
    static long factorial(long n)
    {
        if (((n <= 1))) {
            return 1;
        }
        long result = 1;
        long i = 2;
        while (((i <= n))) {
            result = (result * i);
            i = (i + 1);
        }
        return result;
    }
    static long triple(long x)
    {
        return (x * 3);
    }
    static void Main()
    {
        Console.WriteLine(factorial(5));
        Console.WriteLine(triple(7));
    }
}
